Product: MDK-ARM Professional 5.10
Component: ARM Compiler 5.04 update 1 (build 49)
Tool: armlink [5040049]

==============================================================================

Section Cross References

    startup_stm32f10x_md.o(STACK) refers (Special) to heapauxi.o(.text) for __use_two_region_memory
    startup_stm32f10x_md.o(HEAP) refers (Special) to heapauxi.o(.text) for __use_two_region_memory
    startup_stm32f10x_md.o(RESET) refers (Special) to heapauxi.o(.text) for __use_two_region_memory
    startup_stm32f10x_md.o(RESET) refers to startup_stm32f10x_md.o(STACK) for __initial_sp
    startup_stm32f10x_md.o(RESET) refers to startup_stm32f10x_md.o(.text) for Reset_Handler
    startup_stm32f10x_md.o(RESET) refers to exti.o(.text) for EXTI9_5_IRQHandler
    startup_stm32f10x_md.o(RESET) refers to control.o(.text) for TIM1_UP_IRQHandler
    startup_stm32f10x_md.o(RESET) refers to encoder.o(.text) for TIM2_IRQHandler
    startup_stm32f10x_md.o(RESET) refers to usart.o(.text) for USART1_IRQHandler
    startup_stm32f10x_md.o(.text) refers (Special) to heapauxi.o(.text) for __use_two_region_memory
    startup_stm32f10x_md.o(.text) refers to __main.o(!!!main) for __main
    startup_stm32f10x_md.o(.text) refers to startup_stm32f10x_md.o(HEAP) for Heap_Mem
    startup_stm32f10x_md.o(.text) refers to startup_stm32f10x_md.o(STACK) for Stack_Mem
    minibalance.o(.text) refers to sys.o(.text) for Stm32_Clock_Init
    minibalance.o(.text) refers to delay.o(.text) for delay_init
    minibalance.o(.text) refers to led.o(.text) for LED_Init
    minibalance.o(.text) refers to exti.o(.text) for EXTI_Init
    minibalance.o(.text) refers to oled.o(.text) for OLED_Init
    minibalance.o(.text) refers to usart.o(.text) for uart_init
    minibalance.o(.text) refers to motor.o(.text) for MiniBalance_PWM_Init
    minibalance.o(.text) refers to encoder.o(.text) for Encoder_Init_TIM4
    minibalance.o(.text) refers to adc.o(.text) for Angle_Adc_Init
    minibalance.o(.text) refers to timer.o(.text) for Timer1_Init
    minibalance.o(.text) refers to minibalance.o(.data) for delay_flag
    delay.o(.text) refers to delay.o(.data) for fac_us
    sys.o(.text) refers to sys.o(.emb_text) for WFI_SET
    usart.o(.text) refers (Special) to use_no_semi_2.o(.text) for __use_no_semihosting
    usart.o(.text) refers to _printf_percent.o(.ARM.Collect$$_printf_percent$$00000000) for _printf_percent
    usart.o(.text) refers to _printf_d.o(.ARM.Collect$$_printf_percent$$00000009) for _printf_d
    usart.o(.text) refers to _printf_dec.o(.text) for _printf_int_dec
    usart.o(.text) refers to _printf_s.o(.ARM.Collect$$_printf_percent$$00000014) for _printf_s
    usart.o(.text) refers to _printf_str.o(.text) for _printf_str
    usart.o(.text) refers to _printf_f.o(.ARM.Collect$$_printf_percent$$00000003) for _printf_f
    usart.o(.text) refers to printf1.o(x$fpl$printf1) for _printf_fp_dec
    usart.o(.text) refers to fflt_clz.o(x$fpl$ffltu) for __aeabi_ui2f
    usart.o(.text) refers to fdiv.o(x$fpl$fdiv) for __aeabi_fdiv
    usart.o(.text) refers to ffixu.o(x$fpl$ffixu) for __aeabi_f2uiz
    usart.o(.text) refers to faddsub_clz.o(x$fpl$frsb) for __aeabi_frsub
    usart.o(.text) refers to fmul.o(x$fpl$fmul) for __aeabi_fmul
    usart.o(.text) refers to sys.o(.text) for MY_NVIC_Init
    usart.o(.text) refers to atoi.o(.text) for atoi
    usart.o(.text) refers to noretval__2printf.o(.text) for __2printf
    usart.o(.text) refers to atof.o(i.atof) for atof
    usart.o(.text) refers to d2f.o(x$fpl$d2f) for __aeabi_d2f
    usart.o(.text) refers to f2d.o(x$fpl$f2d) for __aeabi_f2d
    usart.o(.text) refers to usart.o(.data) for USART_RX_STA
    usart.o(.text) refers to usart.o(.bss) for USART_RX_BUF
    usart.o(.text) refers to minibalance.o(.data) for action_in_waiting
    usart.o(.text) refers to minibalance.o(.bss) for observation
    usart.o(.bss) refers (Special) to use_no_semi_2.o(.text) for __use_no_semihosting
    usart.o(.data) refers (Special) to use_no_semi_2.o(.text) for __use_no_semihosting
    led.o(.text) refers to led.o(.data) for temp
    key.o(.text) refers to key.o(.data) for Forever_count
    oled.o(.text) refers to delay.o(.text) for delay_ms
    oled.o(.text) refers to oled.o(.bss) for OLED_GRAM
    oled.o(.text) refers to oled.o(.constdata) for oled_asc2_1206
    adc.o(.text) refers to dflt_clz.o(x$fpl$dfltu) for __aeabi_ui2d
    adc.o(.text) refers to dmul.o(x$fpl$dmul) for __aeabi_dmul
    adc.o(.text) refers to ddiv.o(x$fpl$ddiv) for __aeabi_ddiv
    adc.o(.text) refers to dfix.o(x$fpl$dfix) for __aeabi_d2iz
    adc.o(.text) refers to delay.o(.text) for delay_ms
    timer.o(.text) refers to sys.o(.text) for MY_NVIC_Init
    encoder.o(.text) refers to sys.o(.text) for MY_NVIC_Init
    exti.o(.text) refers to key.o(.text) for KEY_Init
    exti.o(.text) refers to sys.o(.text) for Ex_NVIC_Config
[...]
    ../fplib/fpinit.s                        0x00000000   Number         0  fpinit.o ABSOLUTE
    ../fplib/fretinf.s                       0x00000000   Number         0  fretinf.o ABSOLUTE
    ../fplib/istatus.s                       0x00000000   Number         0  istatus.o ABSOLUTE
    ../fplib/printf1.s                       0x00000000   Number         0  printf1.o ABSOLUTE
    ../fplib/retnan.s                        0x00000000   Number         0  retnan.o ABSOLUTE
    ../fplib/scalbn.s                        0x00000000   Number         0  scalbn.o ABSOLUTE
    ../fplib/scanf1.s                        0x00000000   Number         0  scanf1.o ABSOLUTE
    ../fplib/scanf2.s                        0x00000000   Number         0  scanf2.o ABSOLUTE
    ../fplib/scanf2a.s                       0x00000000   Number         0  scanf2a.o ABSOLUTE
    ../fplib/scanf2b.s                       0x00000000   Number         0  scanf2b.o ABSOLUTE
    ../fplib/trapv.s                         0x00000000   Number         0  trapv.o ABSOLUTE
    ../fplib/usenofp.s                       0x00000000   Number         0  usenofp.o ABSOLUTE
    ../mathlib/atof.c                        0x00000000   Number         0  atof.o ABSOLUTE
    ../mathlib/dunder.c                      0x00000000   Number         0  dunder.o ABSOLUTE
    ../mathlib/fpclassify.c                  0x00000000   Number         0  fpclassify.o ABSOLUTE
    ../mathlib/frexp.c                       0x00000000   Number         0  frexp.o ABSOLUTE
    ../mathlib/ldexp.c                       0x00000000   Number         0  ldexp_x.o ABSOLUTE
    ../mathlib/ldexp.c                       0x00000000   Number         0  ldexp.o ABSOLUTE
    ../mathlib/narrow.c                      0x00000000   Number         0  narrow.o ABSOLUTE
    ../mathlib/qnan.c                        0x00000000   Number         0  qnan.o ABSOLUTE
    ..\BALANCE\CONTROL\control.c             0x00000000   Number         0  control.o ABSOLUTE
    ..\BALANCE\show\show.c                   0x00000000   Number         0  show.o ABSOLUTE
    ..\HARDWARE\ADC\adc.c                    0x00000000   Number         0  adc.o ABSOLUTE
    ..\HARDWARE\DataScope_DP\DataScope_DP.C  0x00000000   Number         0  datascope_dp.o ABSOLUTE
    ..\HARDWARE\ENCODER\encoder.c            0x00000000   Number         0  encoder.o ABSOLUTE
    ..\HARDWARE\EXTI\exti.c                  0x00000000   Number         0  exti.o ABSOLUTE
    ..\HARDWARE\KEY\key.c                    0x00000000   Number         0  key.o ABSOLUTE
    ..\HARDWARE\LED\LED.C                    0x00000000   Number         0  led.o ABSOLUTE
    ..\HARDWARE\MOTOR\motor.c                0x00000000   Number         0  motor.o ABSOLUTE
    ..\HARDWARE\OLED\oled.c                  0x00000000   Number         0  oled.o ABSOLUTE
    ..\HARDWARE\TIMER\timer.c                0x00000000   Number         0  timer.o ABSOLUTE
    ..\SYSTEM\delay\delay.c                  0x00000000   Number         0  delay.o ABSOLUTE
    ..\SYSTEM\sys\sys.c                      0x00000000   Number         0  sys.o ABSOLUTE
    ..\SYSTEM\usart\usart.c                  0x00000000   Number         0  usart.o ABSOLUTE
    ..\\SYSTEM\\sys\\sys.c                   0x00000000   Number         0  sys.o ABSOLUTE
    Minibalance.c                            0x00000000   Number         0  minibalance.o ABSOLUTE
    dc.s                                     0x00000000   Number         0  dc.o ABSOLUTE
    startup_stm32f10x_md.s                   0x00000000   Number         0  startup_stm32f10x_md.o ABSOLUTE
    RESET                                    0x08000000   Section      236  startup_stm32f10x_md.o(RESET)
    !!!main                                  0x080000ec   Section        8  __main.o(!!!main)
    !!!scatter                               0x080000f4   Section       52  __scatter.o(!!!scatter)
    !!handler_copy                           0x08000128   Section       26  __scatter_copy.o(!!handler_copy)
    !!handler_zi                             0x08000144   Section       28  __scatter_zi.o(!!handler_zi)
    .ARM.Collect$$_printf_percent$$00000000  0x08000160   Section        0  _printf_percent.o(.ARM.Collect$$_printf_percent$$00000000)
    .ARM.Collect$$_printf_percent$$00000003  0x08000160   Section        6  _printf_f.o(.ARM.Collect$$_printf_percent$$00000003)
    .ARM.Collect$$_printf_percent$$00000009  0x08000166   Section        6  _printf_d.o(.ARM.Collect$$_printf_percent$$00000009)
    .ARM.Collect$$_printf_percent$$00000014  0x0800016c   Section        6  _printf_s.o(.ARM.Collect$$_printf_percent$$00000014)
    .ARM.Collect$$_printf_percent$$00000017  0x08000172   Section        4  _printf_percent_end.o(.ARM.Collect$$_printf_percent$$00000017)
    .ARM.Collect$$libinit$$00000000          0x08000176   Section        2  libinit.o(.ARM.Collect$$libinit$$00000000)
    .ARM.Collect$$libinit$$00000002          0x08000178   Section        0  libinit2.o(.ARM.Collect$$libinit$$00000002)
    .ARM.Collect$$libinit$$00000008          0x08000178   Section        0  libinit2.o(.ARM.Collect$$libinit$$00000008)
    .ARM.Collect$$libinit$$0000000A          0x08000178   Section        0  libinit2.o(.ARM.Collect$$libinit$$0000000A)
    .ARM.Collect$$libinit$$0000000C          0x08000178   Section        0  libinit2.o(.ARM.Collect$$libinit$$0000000C)
    .ARM.Collect$$libinit$$0000000D          0x08000178   Section        6  libinit2.o(.ARM.Collect$$libinit$$0000000D)
    .ARM.Collect$$libinit$$0000000F          0x0800017e   Section        0  libinit2.o(.ARM.Collect$$libinit$$0000000F)
    .ARM.Collect$$libinit$$00000010          0x0800017e   Section       12  libinit2.o(.ARM.Collect$$libinit$$00000010)
    .ARM.Collect$$libinit$$00000011          0x0800018a   Section        0  libinit2.o(.ARM.Collect$$libinit$$00000011)
    .ARM.Collect$$libinit$$00000013          0x0800018a   Section        0  libinit2.o(.ARM.Collect$$libinit$$00000013)
    .ARM.Collect$$libinit$$00000014          0x0800018a   Section       10  libinit2.o(.ARM.Collect$$libinit$$00000014)
    .ARM.Collect$$libinit$$00000015          0x08000194   Section        0  libinit2.o(.ARM.Collect$$libinit$$00000015)
    .ARM.Collect$$libinit$$00000017          0x08000194   Section        0  libinit2.o(.ARM.Collect$$libinit$$00000017)
    .ARM.Collect$$libinit$$00000019          0x08000194   Section        0  libinit2.o(.ARM.Collect$$libinit$$00000019)
    .ARM.Collect$$libinit$$0000001B          0x08000194   Section        0  libinit2.o(.ARM.Collect$$libinit$$0000001B)
    .ARM.Collect$$libinit$$0000001D          0x08000194   Section        0  libinit2.o(.ARM.Collect$$libinit$$0000001D)
    .ARM.Collect$$libinit$$0000001F          0x08000194   Section        0  libinit2.o(.ARM.Collect$$libinit$$0000001F)
    .ARM.Collect$$libinit$$00000021          0x08000194   Section        0  libinit2.o(.ARM.Collect$$libinit$$00000021)
    .ARM.Collect$$libinit$$00000023          0x08000194   Section        0  libinit2.o(.ARM.Collect$$libinit$$00000023)
    .ARM.Collect$$libinit$$0000002A          0x08000194   Section        0  libinit2.o(.ARM.Collect$$libinit$$0000002A)
    .ARM.Collect$$libinit$$0000002C          0x08000194   Section        0  libinit2.o(.ARM.Collect$$libinit$$0000002C)
    .ARM.Collect$$libinit$$0000002E          0x08000194   Section        0  libinit2.o(.ARM.Collect$$libinit$$0000002E)
    .ARM.Collect$$libinit$$00000030          0x08000194   Section        0  libinit2.o(.ARM.Collect$$libinit$$00000030)
    .ARM.Collect$$libinit$$00000031          0x08000194   Section        2  libinit2.o(.ARM.Collect$$libinit$$00000031)
    .ARM.Collect$$libshutdown$$00000000      0x08000196   Section        2  libshutdown.o(.ARM.Collect$$libshutdown$$00000000)
    .ARM.Collect$$libshutdown$$00000003      0x08000198   Section        0  libshutdown2.o(.ARM.Collect$$libshutdown$$00000003)
    .ARM.Collect$$libshutdown$$00000006      0x08000198   Section        0  libshutdown2.o(.ARM.Collect$$libshutdown$$00000006)
    .ARM.Collect$$libshutdown$$00000009      0x08000198   Section        0  libshutdown2.o(.ARM.Collect$$libshutdown$$00000009)
    .ARM.Collect$$libshutdown$$0000000B      0x08000198   Section        0  libshutdown2.o(.ARM.Collect$$libshutdown$$0000000B)
    .ARM.Collect$$libshutdown$$0000000E      0x08000198   Section        0  libshutdown2.o(.ARM.Collect$$libshutdown$$0000000E)
    .ARM.Collect$$libshutdown$$0000000F      0x08000198   Section        2  libshutdown2.o(.ARM.Collect$$libshutdown$$0000000F)
    .ARM.Collect$$rtentry$$00000000          0x0800019a   Section        0  rtentry.o(.ARM.Collect$$rtentry$$00000000)
    .ARM.Collect$$rtentry$$00000002          0x0800019a   Section        0  rtentry2.o(.ARM.Collect$$rtentry$$00000002)
    .ARM.Collect$$rtentry$$00000004          0x0800019a   Section        6  rtentry4.o(.ARM.Collect$$rtentry$$00000004)
    .ARM.Collect$$rtentry$$00000009          0x080001a0   Section        0  rtentry2.o(.ARM.Collect$$rtentry$$00000009)
    .ARM.Collect$$rtentry$$0000000A          0x080001a0   Section        4  rtentry2.o(.ARM.Collect$$rtentry$$0000000A)
    .ARM.Collect$$rtentry$$0000000C          0x080001a4   Section        0  rtentry2.o(.ARM.Collect$$rtentry$$0000000C)
    .ARM.Collect$$rtentry$$0000000D          0x080001a4   Section        8  rtentry2.o(.ARM.Collect$$rtentry$$0000000D)
    .ARM.Collect$$rtexit$$00000000           0x080001ac   Section        2  rtexit.o(.ARM.Collect$$rtexit$$00000000)
    .ARM.Collect$$rtexit$$00000002           0x080001ae   Section        0  rtexit2.o(.ARM.Collect$$rtexit$$00000002)
    .ARM.Collect$$rtexit$$00000003           0x080001ae   Section        4  rtexit2.o(.ARM.Collect$$rtexit$$00000003)
    .ARM.Collect$$rtexit$$00000004           0x080001b2   Section        6  rtexit2.o(.ARM.Collect$$rtexit$$00000004)
    .emb_text                                0x080001b8   Section       12  sys.o(.emb_text)
    .text                                    0x080001c4   Section       56  startup_stm32f10x_md.o(.text)
    .text                                    0x080001fc   Section        0  minibalance.o(.text)
    .text                                    0x08000268   Section        0  delay.o(.text)
    .text                                    0x08000318   Section        0  sys.o(.text)
    .text                                    0x080005d4   Section        0  usart.o(.text)
    .text                                    0x08000908   Section        0  led.o(.text)
    .text                                    0x0800097c   Section        0  key.o(.text)
    .text                                    0x08000acc   Section        0  oled.o(.text)
    .text                                    0x08000f10   Section        0  adc.o(.text)
    .text                                    0x0800123c   Section        0  timer.o(.text)
    .text                                    0x08001298   Section        0  motor.o(.text)
    .text                                    0x08001368   Section        0  encoder.o(.text)
    .text                                    0x08001590   Section        0  exti.o(.text)
    .text                                    0x080017cc   Section        0  control.o(.text)
    .text                                    0x08001b9c   Section        2  use_no_semi_2.o(.text)
    .text                                    0x08001ba0   Section        0  noretval__2printf.o(.text)
    .text                                    0x08001bb8   Section        0  _printf_str.o(.text)
    .text                                    0x08001c0c   Section        0  _printf_dec.o(.text)
    .text                                    0x08001c80   Section        0  __printf_wp.o(.text)
    .text                                    0x08001d8e   Section        0  atoi.o(.text)
    .text                                    0x08001da8   Section        0  heapauxi.o(.text)
    .text                                    0x08001dae   Section        2  use_no_semi.o(.text)
    .text                                    0x08001db0   Section        8  rt_errno_addr_intlibspace.o(.text)
    .text                                    0x08001db8   Section        0  _rserrno.o(.text)
    .text                                    0x08001dce   Section        0  _printf_intcommon.o(.text)
    .text                                    0x08001e80   Section        0  _printf_fp_dec.o(.text)
    _fp_digits                               0x08001e83   Thumb Code   428  _printf_fp_dec.o(.text)
    .text                                    0x08002296   Section        0  _printf_char.o(.text)
    .text                                    0x080022c4   Section        0  _printf_char_file.o(.text)
    .text                                    0x080022e8   Section        0  strtod.o(.text)
    _local_sscanf                            0x080022e9   Thumb Code    60  strtod.o(.text)
    .text                                    0x08002388   Section        0  strtol.o(.text)
    .text                                    0x080023f8   Section        8  libspace.o(.text)
    .text                                    0x08002400   Section       16  rt_ctype_table.o(.text)
    .text                                    0x08002410   Section        8  rt_locale_intlibspace.o(.text)
    .text                                    0x08002418   Section      138  lludiv10.o(.text)
    .text                                    0x080024a2   Section        0  isspace.o(.text)
    .text                                    0x080024b4   Section        0  _printf_char_common.o(.text)
    _printf_input_char                       0x080024b5   Thumb Code    10  _printf_char_common.o(.text)
    .text                                    0x080024e4   Section        0  _printf_fp_infnan.o(.text)
    .text                                    0x08002564   Section        0  _sgetc.o(.text)
    .text                                    0x080025a4   Section        0  _strtoul.o(.text)
    .text                                    0x08002644   Section        0  bigflt0.o(.text)
    .text                                    0x0800271c   Section        0  ferror.o(.text)
    .text                                    0x08002724   Section       74  sys_stackheap_outer.o(.text)
    .text                                    0x0800276e   Section        0  _chval.o(.text)
    .text                                    0x0800278c   Section        0  scanf_fp.o(.text)
    _fp_value                                0x0800278d   Thumb Code   508  scanf_fp.o(.text)
    .text                                    0x08002c30   Section        0  exit.o(.text)
    .text                                    0x08002c3c   Section      128  strcmpv7m.o(.text)
    .text                                    0x08002cbc   Section        0  scanf_hexfp.o(.text)
    .text                                    0x08002fd4   Section        0  scanf_infnan.o(.text)
    .text                                    0x08003108   Section       38  llshl.o(.text)
    CL$$btod_d2e                             0x0800312e   Section       62  btod.o(CL$$btod_d2e)
    CL$$btod_d2e_denorm_low                  0x0800316c   Section       70  btod.o(CL$$btod_d2e_denorm_low)
    CL$$btod_d2e_norm_op1                    0x080031b2   Section       96  btod.o(CL$$btod_d2e_norm_op1)
    CL$$btod_div_common                      0x08003212   Section      824  btod.o(CL$$btod_div_common)
    CL$$btod_e2d                             0x0800354c   Section       84  btod.o(CL$$btod_e2d)
    CL$$btod_e2e                             0x080035a0   Section      198  btod.o(CL$$btod_e2e)
    CL$$btod_ediv                            0x08003666   Section       40  btod.o(CL$$btod_ediv)
    CL$$btod_edivd                           0x0800368e   Section       40  btod.o(CL$$btod_edivd)
    CL$$btod_emul                            0x080036b6   Section       40  btod.o(CL$$btod_emul)
    CL$$btod_emuld                           0x080036de   Section       40  btod.o(CL$$btod_emuld)
    CL$$btod_mult_common                     0x08003706   Section      580  btod.o(CL$$btod_mult_common)
    i.__ARM_fpclassify                       0x0800394a   Section        0  fpclassify.o(i.__ARM_fpclassify)
    i.__mathlib_dbl_underflow                0x08003974   Section        0  dunder.o(i.__mathlib_dbl_underflow)
    i.__mathlib_narrow                       0x08003984   Section        0  narrow.o(i.__mathlib_narrow)
    i.__mathlib_tofloat                      0x08003994   Section        0  narrow.o(i.__mathlib_tofloat)
    i.__support_ldexp                        0x08003a1c   Section        0  ldexp.o(i.__support_ldexp)
    i._is_digit                              0x08003a32   Section        0  __printf_wp.o(i._is_digit)
    i.atof                                   0x08003a40   Section        0  atof.o(i.atof)
    i.frexp                                  0x08003a6c   Section        0  frexp.o(i.frexp)
    i.ldexp                                  0x08003ac4   Section        0  ldexp.o(i.ldexp)
    locale$$code                             0x08003b44   Section       44  lc_numeric_c.o(locale$$code)
    locale$$code                             0x08003b70   Section       44  lc_ctype_c.o(locale$$code)
    x$fpl$d2f                                0x08003b9c   Section       98  d2f.o(x$fpl$d2f)
    x$fpl$dadd                               0x08003c00   Section      336  daddsub_clz.o(x$fpl$dadd)
    _dadd1                                   0x08003c11   Thumb Code     0  daddsub_clz.o(x$fpl$dadd)
    x$fpl$dcheck1                            0x08003d50   Section       16  dcheck1.o(x$fpl$dcheck1)
    x$fpl$dcmpinf                            0x08003d60   Section       24  dcmpi.o(x$fpl$dcmpinf)
    x$fpl$ddiv                               0x08003d78   Section      688  ddiv.o(x$fpl$ddiv)
    ddiv_entry                               0x08003d7f   Thumb Code     0  ddiv.o(x$fpl$ddiv)
    x$fpl$deqf                               0x08004028   Section      120  deqf.o(x$fpl$deqf)
    x$fpl$dfix                               0x080040a0   Section       94  dfix.o(x$fpl$dfix)
    x$fpl$dfltu                              0x080040fe   Section       38  dflt_clz.o(x$fpl$dfltu)
    x$fpl$dleqf                              0x08004124   Section      120  dleqf.o(x$fpl$dleqf)
    x$fpl$dmul                               0x0800419c   Section      340  dmul.o(x$fpl$dmul)
    x$fpl$dnaninf                            0x080042f0   Section      156  dnaninf.o(x$fpl$dnaninf)
    x$fpl$dretinf                            0x0800438c   Section       12  dretinf.o(x$fpl$dretinf)
    x$fpl$drleqf                             0x08004398   Section      108  drleqf.o(x$fpl$drleqf)
    x$fpl$dsub                               0x08004404   Section      468  daddsub_clz.o(x$fpl$dsub)
    _dsub1                                   0x08004415   Thumb Code     0  daddsub_clz.o(x$fpl$dsub)
    x$fpl$f2d                                0x080045d8   Section       86  f2d.o(x$fpl$f2d)
    x$fpl$fadd                               0x08004630   Section      196  faddsub_clz.o(x$fpl$fadd)
    _fadd1                                   0x0800463f   Thumb Code     0  faddsub_clz.o(x$fpl$fadd)
    x$fpl$fcmpinf                            0x080046f4   Section       24  fcmpi.o(x$fpl$fcmpinf)
    x$fpl$fdiv                               0x0800470c   Section      388  fdiv.o(x$fpl$fdiv)
    _fdiv1                                   0x0800470d   Thumb Code     0  fdiv.o(x$fpl$fdiv)
    x$fpl$feqf                               0x08004890   Section      104  feqf.o(x$fpl$feqf)
    x$fpl$ffix                               0x080048f8   Section       54  ffix.o(x$fpl$ffix)
    x$fpl$ffixu                              0x08004930   Section       62  ffixu.o(x$fpl$ffixu)
    x$fpl$fflt                               0x08004970   Section       48  fflt_clz.o(x$fpl$fflt)
    x$fpl$ffltu                              0x080049a0   Section       38  fflt_clz.o(x$fpl$ffltu)
    x$fpl$fleqf                              0x080049c8   Section      104  fleqf.o(x$fpl$fleqf)
    x$fpl$fmul                               0x08004a30   Section      258  fmul.o(x$fpl$fmul)
    x$fpl$fnaninf                            0x08004b32   Section      140  fnaninf.o(x$fpl$fnaninf)
    x$fpl$fretinf                            0x08004bbe   Section       10  fretinf.o(x$fpl$fretinf)
    x$fpl$frsb                               0x08004bc8   Section       20  faddsub_clz.o(x$fpl$frsb)
    x$fpl$fsub                               0x08004bdc   Section      234  faddsub_clz.o(x$fpl$fsub)
    _fsub1                                   0x08004beb   Thumb Code     0  faddsub_clz.o(x$fpl$fsub)
    x$fpl$printf1                            0x08004cc6   Section        4  printf1.o(x$fpl$printf1)
    x$fpl$retnan                             0x08004cca   Section      100  retnan.o(x$fpl$retnan)
    x$fpl$scalbn                             0x08004d2e   Section       92  scalbn.o(x$fpl$scalbn)
    x$fpl$scanf1                             0x08004d8a   Section        4  scanf1.o(x$fpl$scanf1)
    x$fpl$scanf2                             0x08004d8e   Section        8  scanf2.o(x$fpl$scanf2)
    x$fpl$trapveneer                         0x08004d96   Section       48  trapv.o(x$fpl$trapveneer)
    .constdata                               0x08004dc6   Section     2660  oled.o(.constdata)
    x$fpl$usenofp                            0x08004dc6   Section        0  usenofp.o(x$fpl$usenofp)
    .constdata                               0x0800582c   Section      148  bigflt0.o(.constdata)
    tenpwrs_x                                0x0800582c   Data          60  bigflt0.o(.constdata)
    tenpwrs_i                                0x08005868   Data          64  bigflt0.o(.constdata)
    c$$dinf                                  0x080058e0   Section        8  fpconst.o(c$$dinf)
    locale$$data                             0x080058e8   Section       28  lc_numeric_c.o(locale$$data)
    __lcnum_c_name                           0x080058ec   Data           2  lc_numeric_c.o(locale$$data)
    __lcnum_c_start                          0x080058f4   Data           0  lc_numeric_c.o(locale$$data)
    __lcnum_c_point                          0x08005900   Data           0  lc_numeric_c.o(locale$$data)
    __lcnum_c_thousands                      0x08005902   Data           0  lc_numeric_c.o(locale$$data)
    __lcnum_c_grouping                       0x08005903   Data           0  lc_numeric_c.o(locale$$data)
    locale$$data                             0x08005904   Section      272  lc_ctype_c.o(locale$$data)
    __lcnum_c_end                            0x08005904   Data           0  lc_numeric_c.o(locale$$data)
    __lcctype_c_name                         0x08005908   Data           2  lc_ctype_c.o(locale$$data)
    __lcctype_c_start                        0x08005910   Data           0  lc_ctype_c.o(locale$$data)
    __lcctype_c_end                          0x08005a14   Data           0  lc_ctype_c.o(locale$$data)
    .data                                    0x20000000   Section       84  minibalance.o(.data)
    .data                                    0x20000054   Section        4  delay.o(.data)
    fac_us                                   0x20000054   Data           1  delay.o(.data)
    fac_ms                                   0x20000056   Data           2  delay.o(.data)
    .data                                    0x20000058   Section       10  usart.o(.data)
    .data                                    0x20000064   Section        4  led.o(.data)
    temp                                     0x20000064   Data           4  led.o(.data)
    .data                                    0x20000068   Section        8  key.o(.data)
    flag_key                                 0x20000068   Data           1  key.o(.data)
    count_key                                0x20000069   Data           1  key.o(.data)
    double_key                               0x2000006a   Data           1  key.o(.data)
    count_single                             0x2000006c   Data           2  key.o(.data)
    Forever_count                            0x2000006e   Data           2  key.o(.data)
    .data                                    0x20000070   Section       52  control.o(.data)
    Last_Bias                                0x2000007c   Data           4  control.o(.data)
    D_Bias                                   0x20000080   Data           4  control.o(.data)
    Position_PWM                             0x20000084   Data           4  control.o(.data)
    Last_Position                            0x20000088   Data           4  control.o(.data)
    Position_Bias                            0x2000008c   Data           4  control.o(.data)
    Position_Differential                    0x20000090   Data           4  control.o(.data)
    Position_Least                           0x20000094   Data           4  control.o(.data)
    tmp                                      0x20000098   Data           4  control.o(.data)
    flag                                     0x2000009c   Data           4  control.o(.data)
    count                                    0x200000a0   Data           4  control.o(.data)
    .bss                                     0x200000a4   Section       24  minibalance.o(.bss)
    .bss                                     0x200000bc   Section      200  usart.o(.bss)
    .bss                                     0x20000184   Section     1024  oled.o(.bss)
    .bss                                     0x20000584   Section       96  libspace.o(.bss)
    HEAP                                     0x200005e8   Section      512  startup_stm32f10x_md.o(HEAP)
    Heap_Mem                                 0x200005e8   Data         512  startup_stm32f10x_md.o(HEAP)
    STACK                                    0x200007e8   Section     1024  startup_stm32f10x_md.o(STACK)
    Stack_Mem                                0x200007e8   Data        1024  startup_stm32f10x_md.o(STACK)
    __initial_sp                             0x20000be8   Data           0  startup_stm32f10x_md.o(STACK)

    Global Symbols

    Symbol Name                              Value     Ov Type        Size  Object(Section)

    BuildAttributes$$THM_ISAv4$P$D$K$B$S$PE$A:L22UL41UL21$X:L11$S22US41US21$IEEE1$IW$USESV6$~STKCKD$USESV7$~SHL$OTIME$ROPI$IEEEX$EBA8$UX$STANDARDLIB$REQ8$PRES8$EABIv2 0x00000000   Number         0  anon$$obj.o ABSOLUTE
    __ARM_use_no_argv                        0x00000000   Number         0  minibalance.o ABSOLUTE
    _printf_flags                            0x00000000   Number         0  printf_stubs.o ABSOLUTE
    _printf_return_value                     0x00000000   Number         0  printf_stubs.o ABSOLUTE
    _printf_sizespec                         0x00000000   Number         0  printf_stubs.o ABSOLUTE
    _printf_widthprec                        0x00000000   Number         0  printf_stubs.o ABSOLUTE
    __ARM_exceptions_init                     - Undefined Weak Reference
    __alloca_initialize                       - Undefined Weak Reference
    __cpp_initialize__aeabi_                  - Undefined Weak Reference
    __cxa_finalize                            - Undefined Weak Reference
    __sigvec_lookup                           - Undefined Weak Reference
    _atexit_init                              - Undefined Weak Reference
    _call_atexit_fns                          - Undefined Weak Reference
    _clock_init                               - Undefined Weak Reference
    _fp_trap_init                             - Undefined Weak Reference
    _fp_trap_shutdown                         - Undefined Weak Reference
    _get_lc_collate                           - Undefined Weak Reference
    _get_lc_monetary                          - Undefined Weak Reference
    _get_lc_time                              - Undefined Weak Reference
    _getenv_init                              - Undefined Weak Reference
    _handle_redirection                       - Undefined Weak Reference
    _init_alloc                               - Undefined Weak Reference
    _init_user_alloc                          - Undefined Weak Reference
    _initio                                   - Undefined Weak Reference
    _mutex_acquire                            - Undefined Weak Reference
    _mutex_release                            - Undefined Weak Reference
    _printf_mbtowc                            - Undefined Weak Reference
    _printf_post_padding                      - Undefined Weak Reference
    _printf_pre_padding                       - Undefined Weak Reference
    _printf_truncate_signed                   - Undefined Weak Reference
    _printf_truncate_unsigned                 - Undefined Weak Reference
    _rand_init                                - Undefined Weak Reference
    _signal_finish                            - Undefined Weak Reference
    _signal_init                              - Undefined Weak Reference
    _terminate_alloc                          - Undefined Weak Reference
    _terminate_user_alloc                     - Undefined Weak Reference
    _terminateio                              - Undefined Weak Reference
    __Vectors_Size                           0x000000ec   Number         0  startup_stm32f10x_md.o ABSOLUTE
    __Vectors                                0x08000000   Data           4  startup_stm32f10x_md.o(RESET)
    __Vectors_End                            0x080000ec   Data           0  startup_stm32f10x_md.o(RESET)
    __main                                   0x080000ed   Thumb Code     8  __main.o(!!!main)
    __scatterload                            0x080000f5   Thumb Code     0  __scatter.o(!!!scatter)
    __scatterload_rt2                        0x080000f5   Thumb Code    44  __scatter.o(!!!scatter)
    __scatterload_rt2_thumb_only             0x080000f5   Thumb Code     0  __scatter.o(!!!scatter)
    __scatterload_null                       0x08000103   Thumb Code     0  __scatter.o(!!!scatter)
    __scatterload_copy                       0x08000129   Thumb Code    26  __scatter_copy.o(!!handler_copy)
    __scatterload_zeroinit                   0x08000145   Thumb Code    28  __scatter_zi.o(!!handler_zi)
    _printf_f                                0x08000161   Thumb Code     0  _printf_f.o(.ARM.Collect$$_printf_percent$$00000003)
    _printf_percent                          0x08000161   Thumb Code     0  _printf_percent.o(.ARM.Collect$$_printf_percent$$00000000)
    _printf_d                                0x08000167   Thumb Code     0  _printf_d.o(.ARM.Collect$$_printf_percent$$00000009)
    _printf_s                                0x0800016d   Thumb Code     0  _printf_s.o(.ARM.Collect$$_printf_percent$$00000014)
    _printf_percent_end                      0x08000173   Thumb Code     0  _printf_percent_end.o(.ARM.Collect$$_printf_percent$$00000017)
    __rt_lib_init                            0x08000177   Thumb Code     0  libinit.o(.ARM.Collect$$libinit$$00000000)
    __rt_lib_init_fp_1                       0x08000179   Thumb Code     0  libinit2.o(.ARM.Collect$$libinit$$00000002)
    __rt_lib_init_heap_1                     0x08000179   Thumb Code     0  libinit2.o(.ARM.Collect$$libinit$$00000008)
    __rt_lib_init_lc_common                  0x08000179   Thumb Code     0  libinit2.o(.ARM.Collect$$libinit$$0000000D)
    __rt_lib_init_rand_1                     0x08000179   Thumb Code     0  libinit2.o(.ARM.Collect$$libinit$$0000000C)
    __rt_lib_init_user_alloc_1               0x08000179   Thumb Code     0  libinit2.o(.ARM.Collect$$libinit$$0000000A)
    __rt_lib_init_lc_collate_1               0x0800017f   Thumb Code     0  libinit2.o(.ARM.Collect$$libinit$$0000000F)
    __rt_lib_init_lc_ctype_2                 0x0800017f   Thumb Code     0  libinit2.o(.ARM.Collect$$libinit$$00000010)
    __rt_lib_init_lc_ctype_1                 0x0800018b   Thumb Code     0  libinit2.o(.ARM.Collect$$libinit$$00000011)
    __rt_lib_init_lc_monetary_1              0x0800018b   Thumb Code     0  libinit2.o(.ARM.Collect$$libinit$$00000013)
    __rt_lib_init_lc_numeric_2               0x0800018b   Thumb Code     0  libinit2.o(.ARM.Collect$$libinit$$00000014)
    __rt_lib_init_alloca_1                   0x08000195   Thumb Code     0  libinit2.o(.ARM.Collect$$libinit$$0000002C)
    __rt_lib_init_argv_1                     0x08000195   Thumb Code     0  libinit2.o(.ARM.Collect$$libinit$$0000002A)
    __rt_lib_init_atexit_1                   0x08000195   Thumb Code     0  libinit2.o(.ARM.Collect$$libinit$$00000019)
    __rt_lib_init_clock_1                    0x08000195   Thumb Code     0  libinit2.o(.ARM.Collect$$libinit$$0000001F)
    __rt_lib_init_cpp_1                      0x08000195   Thumb Code     0  libinit2.o(.ARM.Collect$$libinit$$00000030)
    __rt_lib_init_exceptions_1               0x08000195   Thumb Code     0  libinit2.o(.ARM.Collect$$libinit$$0000002E)
    __rt_lib_init_fp_trap_1                  0x08000195   Thumb Code     0  libinit2.o(.ARM.Collect$$libinit$$0000001D)
    __rt_lib_init_getenv_1                   0x08000195   Thumb Code     0  libinit2.o(.ARM.Collect$$libinit$$00000021)
    __rt_lib_init_lc_numeric_1               0x08000195   Thumb Code     0  libinit2.o(.ARM.Collect$$libinit$$00000015)
    __rt_lib_init_lc_time_1                  0x08000195   Thumb Code     0  libinit2.o(.ARM.Collect$$libinit$$00000017)
    __rt_lib_init_return                     0x08000195   Thumb Code     0  libinit2.o(.ARM.Collect$$libinit$$00000031)
    __rt_lib_init_signal_1                   0x08000195   Thumb Code     0  libinit2.o(.ARM.Collect$$libinit$$0000001B)
    __rt_lib_init_stdio_1                    0x08000195   Thumb Code     0  libinit2.o(.ARM.Collect$$libinit$$00000023)
    __rt_lib_shutdown                        0x08000197   Thumb Code     0  libshutdown.o(.ARM.Collect$$libshutdown$$00000000)
    __rt_lib_shutdown_fp_trap_1              0x08000199   Thumb Code     0  libshutdown2.o(.ARM.Collect$$libshutdown$$00000006)
    __rt_lib_shutdown_heap_1                 0x08000199   Thumb Code     0  libshutdown2.o(.ARM.Collect$$libshutdown$$0000000E)
    __rt_lib_shutdown_return                 0x08000199   Thumb Code     0  libshutdown2.o(.ARM.Collect$$libshutdown$$0000000F)
    __rt_lib_shutdown_signal_1               0x08000199   Thumb Code     0  libshutdown2.o(.ARM.Collect$$libshutdown$$00000009)
    __rt_lib_shutdown_stdio_1                0x08000199   Thumb Code     0  libshutdown2.o(.ARM.Collect$$libshutdown$$00000003)
    __rt_lib_shutdown_user_alloc_1           0x08000199   Thumb Code     0  libshutdown2.o(.ARM.Collect$$libshutdown$$0000000B)
    __rt_entry                               0x0800019b   Thumb Code     0  rtentry.o(.ARM.Collect$$rtentry$$00000000)
    __rt_entry_presh_1                       0x0800019b   Thumb Code     0  rtentry2.o(.ARM.Collect$$rtentry$$00000002)
    __rt_entry_sh                            0x0800019b   Thumb Code     0  rtentry4.o(.ARM.Collect$$rtentry$$00000004)
    __rt_entry_li                            0x080001a1   Thumb Code     0  rtentry2.o(.ARM.Collect$$rtentry$$0000000A)
    __rt_entry_postsh_1                      0x080001a1   Thumb Code     0  rtentry2.o(.ARM.Collect$$rtentry$$00000009)
    __rt_entry_main                          0x080001a5   Thumb Code     0  rtentry2.o(.ARM.Collect$$rtentry$$0000000D)
    __rt_entry_postli_1                      0x080001a5   Thumb Code     0  rtentry2.o(.ARM.Collect$$rtentry$$0000000C)
    __rt_exit                                0x080001ad   Thumb Code     0  rtexit.o(.ARM.Collect$$rtexit$$00000000)
    __rt_exit_ls                             0x080001af   Thumb Code     0  rtexit2.o(.ARM.Collect$$rtexit$$00000003)
    __rt_exit_prels_1                        0x080001af   Thumb Code     0  rtexit2.o(.ARM.Collect$$rtexit$$00000002)
    __rt_exit_exit                           0x080001b3   Thumb Code     0  rtexit2.o(.ARM.Collect$$rtexit$$00000004)
    WFI_SET                                  0x080001b9   Thumb Code     2  sys.o(.emb_text)
    INTX_DISABLE                             0x080001bb   Thumb Code     2  sys.o(.emb_text)
    INTX_ENABLE                              0x080001bd   Thumb Code     2  sys.o(.emb_text)
    MSR_MSP                                  0x080001bf   Thumb Code     6  sys.o(.emb_text)
    Reset_Handler                            0x080001c5   Thumb Code     4  startup_stm32f10x_md.o(.text)
    NMI_Handler                              0x080001c9   Thumb Code     2  startup_stm32f10x_md.o(.text)
    HardFault_Handler                        0x080001cb   Thumb Code     2  startup_stm32f10x_md.o(.text)
    MemManage_Handler                        0x080001cd   Thumb Code     2  startup_stm32f10x_md.o(.text)
    BusFault_Handler                         0x080001cf   Thumb Code     2  startup_stm32f10x_md.o(.text)
    UsageFault_Handler                       0x080001d1   Thumb Code     2  startup_stm32f10x_md.o(.text)
    SVC_Handler                              0x080001d3   Thumb Code     2  startup_stm32f10x_md.o(.text)
    DebugMon_Handler                         0x080001d5   Thumb Code     2  startup_stm32f10x_md.o(.text)
    PendSV_Handler                           0x080001d7   Thumb Code     2  startup_stm32f10x_md.o(.text)
    SysTick_Handler                          0x080001d9   Thumb Code     2  startup_stm32f10x_md.o(.text)
    ADC1_2_IRQHandler                        0x080001db   Thumb Code     0  startup_stm32f10x_md.o(.text)
    CAN1_RX1_IRQHandler                      0x080001db   Thumb Code     0  startup_stm32f10x_md.o(.text)
    CAN1_SCE_IRQHandler                      0x080001db   Thumb Code     0  startup_stm32f10x_md.o(.text)
    DMA1_Channel1_IRQHandler                 0x080001db   Thumb Code     0  startup_stm32f10x_md.o(.text)
    DMA1_Channel2_IRQHandler                 0x080001db   Thumb Code     0  startup_stm32f10x_md.o(.text)
    DMA1_Channel3_IRQHandler                 0x080001db   Thumb Code     0  startup_stm32f10x_md.o(.text)
    DMA1_Channel4_IRQHandler                 0x080001db   Thumb Code     0  startup_stm32f10x_md.o(.text)
    DMA1_Channel5_IRQHandler                 0x080001db   Thumb Code     0  startup_stm32f10x_md.o(.text)
    DMA1_Channel6_IRQHandler                 0x080001db   Thumb Code     0  startup_stm32f10x_md.o(.text)
    DMA1_Channel7_IRQHandler                 0x080001db   Thumb Code     0  startup_stm32f10x_md.o(.text)
    EXTI0_IRQHandler                         0x080001db   Thumb Code     0  startup_stm32f10x_md.o(.text)
    EXTI1_IRQHandler                         0x080001db   Thumb Code     0  startup_stm32f10x_md.o(.text)
    EXTI2_IRQHandler                         0x080001db   Thumb Code     0  startup_stm32f10x_md.o(.text)
    EXTI3_IRQHandler                         0x080001db   Thumb Code     0  startup_stm32f10x_md.o(.text)
    EXTI4_IRQHandler                         0x080001db   Thumb Code     0  startup_stm32f10x_md.o(.text)
    FLASH_IRQHandler                         0x080001db   Thumb Code     0  startup_stm32f10x_md.o(.text)
    I2C1_ER_IRQHandler                       0x080001db   Thumb Code     0  startup_stm32f10x_md.o(.text)
    I2C1_EV_IRQHandler                       0x080001db   Thumb Code     0  startup_stm32f10x_md.o(.text)
    I2C2_ER_IRQHandler                       0x080001db   Thumb Code     0  startup_stm32f10x_md.o(.text)
    I2C2_EV_IRQHandler                       0x080001db   Thumb Code     0  startup_stm32f10x_md.o(.text)
    PVD_IRQHandler                           0x080001db   Thumb Code     0  startup_stm32f10x_md.o(.text)
    RCC_IRQHandler                           0x080001db   Thumb Code     0  startup_stm32f10x_md.o(.text)
    RTCAlarm_IRQHandler                      0x080001db   Thumb Code     0  startup_stm32f10x_md.o(.text)
    RTC_IRQHandler                           0x080001db   Thumb Code     0  startup_stm32f10x_md.o(.text)
    SPI1_IRQHandler                          0x080001db   Thumb Code     0  startup_stm32f10x_md.o(.text)
    SPI2_IRQHandler                          0x080001db   Thumb Code     0  startup_stm32f10x_md.o(.text)
    TAMPER_IRQHandler                        0x080001db   Thumb Code     0  startup_stm32f10x_md.o(.text)
    TIM1_BRK_IRQHandler                      0x080001db   Thumb Code     0  startup_stm32f10x_md.o(.text)
    TIM1_CC_IRQHandler                       0x080001db   Thumb Code     0  startup_stm32f10x_md.o(.text)
    TIM1_TRG_COM_IRQHandler                  0x080001db   Thumb Code     0  startup_stm32f10x_md.o(.text)
    TIM3_IRQHandler                          0x080001db   Thumb Code     0  startup_stm32f10x_md.o(.text)
    USART2_IRQHandler                        0x080001db   Thumb Code     0  startup_stm32f10x_md.o(.text)
    USART3_IRQHandler                        0x080001db   Thumb Code     0  startup_stm32f10x_md.o(.text)
    USBWakeUp_IRQHandler                     0x080001db   Thumb Code     0  startup_stm32f10x_md.o(.text)
    USB_HP_CAN1_TX_IRQHandler                0x080001db   Thumb Code     0  startup_stm32f10x_md.o(.text)
    USB_LP_CAN1_RX0_IRQHandler               0x080001db   Thumb Code     0  startup_stm32f10x_md.o(.text)
    WWDG_IRQHandler                          0x080001db   Thumb Code     0  startup_stm32f10x_md.o(.text)
    __user_initial_stackheap                 0x080001dd   Thumb Code     0  startup_stm32f10x_md.o(.text)
    main                                     0x080001fd   Thumb Code   104  minibalance.o(.text)
    delay_init                               0x08000269   Thumb Code    56  delay.o(.text)
    delay_us                                 0x080002a1   Thumb Code    56  delay.o(.text)
    delay_ms                                 0x080002d9   Thumb Code    56  delay.o(.text)
    MY_NVIC_SetVectorTable                   0x08000319   Thumb Code    12  sys.o(.text)
    MY_NVIC_PriorityGroupConfig              0x08000325   Thumb Code    36  sys.o(.text)
    MY_NVIC_Init                             0x08000349   Thumb Code   116  sys.o(.text)
    Ex_NVIC_Config                           0x080003bd   Thumb Code   146  sys.o(.text)
    MYRCC_DeInit                             0x0800044f   Thumb Code    90  sys.o(.text)
    Sys_Standby                              0x080004a9   Thumb Code    68  sys.o(.text)
    Sys_Soft_Reset                           0x080004ed   Thumb Code    12  sys.o(.text)
    JTAG_Set                                 0x080004f9   Thumb Code    42  sys.o(.text)
    Stm32_Clock_Init                         0x08000523   Thumb Code   134  sys.o(.text)
    _sys_exit                                0x080005d5   Thumb Code     6  usart.o(.text)
    fputc                                    0x080005db   Thumb Code    24  usart.o(.text)
    usart1_send                              0x080005f3   Thumb Code    22  usart.o(.text)
    uart_init                                0x08000609   Thumb Code   214  usart.o(.text)
    uart1_read                               0x080006df   Thumb Code   124  usart.o(.text)
    USART1_IRQHandler                        0x0800075b   Thumb Code   124  usart.o(.text)
    uart1_read_test                          0x080007d7   Thumb Code   158  usart.o(.text)
    send_observation                         0x08000875   Thumb Code    36  usart.o(.text)
    LED_Init                                 0x08000909   Thumb Code    52  led.o(.text)
    Led_Flash                                0x0800093d   Thumb Code    44  led.o(.text)
    KEY_Init                                 0x0800097d   Thumb Code   110  key.o(.text)
    click_N_Double                           0x080009eb   Thumb Code   184  key.o(.text)
    OLED_WR_Byte                             0x08000acd   Thumb Code    78  oled.o(.text)
    OLED_Refresh_Gram                        0x08000b1b   Thumb Code    70  oled.o(.text)
    OLED_Display_On                          0x08000b61   Thumb Code    28  oled.o(.text)
    OLED_Display_Off                         0x08000b7d   Thumb Code    28  oled.o(.text)
    OLED_Clear                               0x08000b99   Thumb Code    42  oled.o(.text)
    OLED_DrawPoint                           0x08000bc3   Thumb Code   100  oled.o(.text)
    OLED_ShowChar                            0x08000c27   Thumb Code   158  oled.o(.text)
    oled_pow                                 0x08000cc5   Thumb Code    22  oled.o(.text)
    OLED_ShowNumber                          0x08000cdb   Thumb Code   148  oled.o(.text)
    OLED_ShowString                          0x08000d6f   Thumb Code    68  oled.o(.text)
    OLED_Init                                0x08000db3   Thumb Code   348  oled.o(.text)
    Baterry_Adc_Init                         0x08000f11   Thumb Code   282  adc.o(.text)
    Get_Adc                                  0x0800102b   Thumb Code    68  adc.o(.text)
    Get_battery_volt                         0x0800106f   Thumb Code    90  adc.o(.text)
    Angle_Adc_Init                           0x080010c9   Thumb Code   290  adc.o(.text)
    Get_Adc_Average                          0x080011eb   Thumb Code    46  adc.o(.text)
    Timer1_Init                              0x0800123d   Thumb Code    82  timer.o(.text)
    MiniBalance_Motor_Init                   0x08001299   Thumb Code    36  motor.o(.text)
    MiniBalance_PWM_Init                     0x080012bd   Thumb Code   154  motor.o(.text)
    Encoder_Init_TIM2                        0x08001369   Thumb Code   192  encoder.o(.text)
    Encoder_Init_TIM4                        0x08001429   Thumb Code   234  encoder.o(.text)
    Read_Encoder                             0x08001513   Thumb Code    58  encoder.o(.text)
    TIM4_IRQHandler                          0x0800154d   Thumb Code    24  encoder.o(.text)
    TIM2_IRQHandler                          0x08001565   Thumb Code    24  encoder.o(.text)
    EXTI_Init                                0x08001591   Thumb Code    72  exti.o(.text)
    EXTI9_5_IRQHandler                       0x080015d9   Thumb Code    90  exti.o(.text)
    EXTI15_10_IRQHandler                     0x08001633   Thumb Code   358  exti.o(.text)
    Key                                      0x080017cd   Thumb Code   134  control.o(.text)
    myabs                                    0x08001853   Thumb Code    14  control.o(.text)
    Set_Pwm                                  0x08001861   Thumb Code    50  control.o(.text)
    Turn_Off                                 0x08001893   Thumb Code    46  control.o(.text)
    Xianfu_Pwm                               0x080018c1   Thumb Code    34  control.o(.text)
    Stop_Motor                               0x080018e3   Thumb Code    66  control.o(.text)
    Position                                 0x08001925   Thumb Code   194  control.o(.text)
    balance                                  0x080019e7   Thumb Code   108  control.o(.text)
    TIM1_UP_IRQHandler                       0x08001a53   Thumb Code   184  control.o(.text)
    __use_no_semihosting                     0x08001b9d   Thumb Code     2  use_no_semi_2.o(.text)
    __2printf                                0x08001ba1   Thumb Code    20  noretval__2printf.o(.text)
    _printf_str                              0x08001bb9   Thumb Code    82  _printf_str.o(.text)
    _printf_int_dec                          0x08001c0d   Thumb Code   100  _printf_dec.o(.text)
    __printf                                 0x08001c81   Thumb Code   270  __printf_wp.o(.text)
    atoi                                     0x08001d8f   Thumb Code    26  atoi.o(.text)
    __use_two_region_memory                  0x08001da9   Thumb Code     2  heapauxi.o(.text)
    __rt_heap_escrow$2region                 0x08001dab   Thumb Code     2  heapauxi.o(.text)
    __rt_heap_expand$2region                 0x08001dad   Thumb Code     2  heapauxi.o(.text)
    __I$use$semihosting                      0x08001daf   Thumb Code     0  use_no_semi.o(.text)
    __use_no_semihosting_swi                 0x08001daf   Thumb Code     2  use_no_semi.o(.text)
    __aeabi_errno_addr                       0x08001db1   Thumb Code     8  rt_errno_addr_intlibspace.o(.text)
    __errno$intlibspace                      0x08001db1   Thumb Code     0  rt_errno_addr_intlibspace.o(.text)
    __rt_errno_addr$intlibspace              0x08001db1   Thumb Code     0  rt_errno_addr_intlibspace.o(.text)
    __read_errno                             0x08001db9   Thumb Code    10  _rserrno.o(.text)
    __set_errno                              0x08001dc3   Thumb Code    12  _rserrno.o(.text)
    _printf_int_common                       0x08001dcf   Thumb Code   178  _printf_intcommon.o(.text)
    __lib_sel_fp_printf                      0x08001e81   Thumb Code     2  _printf_fp_dec.o(.text)
    _printf_fp_dec_real                      0x0800202f   Thumb Code   616  _printf_fp_dec.o(.text)
    _printf_cs_common                        0x08002297   Thumb Code    20  _printf_char.o(.text)
    _printf_char                             0x080022ab   Thumb Code    16  _printf_char.o(.text)
    _printf_string                           0x080022bb   Thumb Code     8  _printf_char.o(.text)
    _printf_char_file                        0x080022c5   Thumb Code    32  _printf_char_file.o(.text)
    __strtod_int                             0x08002325   Thumb Code    88  strtod.o(.text)
    strtol                                   0x08002389   Thumb Code   112  strtol.o(.text)
    __user_libspace                          0x080023f9   Thumb Code     8  libspace.o(.text)
    __user_perproc_libspace                  0x080023f9   Thumb Code     0  libspace.o(.text)
    __user_perthread_libspace                0x080023f9   Thumb Code     0  libspace.o(.text)
    __rt_ctype_table                         0x08002401   Thumb Code    16  rt_ctype_table.o(.text)
    __rt_locale                              0x08002411   Thumb Code     8  rt_locale_intlibspace.o(.text)
    _ll_udiv10                               0x08002419   Thumb Code   138  lludiv10.o(.text)
    isspace                                  0x080024a3   Thumb Code    18  isspace.o(.text)
    _printf_char_common                      0x080024bf   Thumb Code    32  _printf_char_common.o(.text)
    _printf_fp_infnan                        0x080024e5   Thumb Code   112  _printf_fp_infnan.o(.text)
    _sgetc                                   0x08002565   Thumb Code    30  _sgetc.o(.text)
    _sbackspace                              0x08002583   Thumb Code    34  _sgetc.o(.text)
    _strtoul                                 0x080025a5   Thumb Code   158  _strtoul.o(.text)
    _btod_etento                             0x08002645   Thumb Code   212  bigflt0.o(.text)
    ferror                                   0x0800271d   Thumb Code     8  ferror.o(.text)
    __user_setup_stackheap                   0x08002725   Thumb Code    74  sys_stackheap_outer.o(.text)
    _chval                                   0x0800276f   Thumb Code    28  _chval.o(.text)
    _scanf_really_real                       0x08002989   Thumb Code   668  scanf_fp.o(.text)
    exit                                     0x08002c31   Thumb Code    12  exit.o(.text)
    strcmp                                   0x08002c3d   Thumb Code   128  strcmpv7m.o(.text)
    _scanf_really_hex_real                   0x08002cbd   Thumb Code   778  scanf_hexfp.o(.text)
    _scanf_really_infnan                     0x08002fd5   Thumb Code   292  scanf_infnan.o(.text)
    __aeabi_llsl                             0x08003109   Thumb Code     0  llshl.o(.text)
    _ll_shift_l                              0x08003109   Thumb Code    38  llshl.o(.text)
    _btod_d2e                                0x0800312f   Thumb Code    62  btod.o(CL$$btod_d2e)
    _d2e_denorm_low                          0x0800316d   Thumb Code    70  btod.o(CL$$btod_d2e_denorm_low)
    _d2e_norm_op1                            0x080031b3   Thumb Code    96  btod.o(CL$$btod_d2e_norm_op1)
    __btod_div_common                        0x08003213   Thumb Code   696  btod.o(CL$$btod_div_common)
    _e2d                                     0x0800354d   Thumb Code    80  btod.o(CL$$btod_e2d)
    _e2e                                     0x080035a1   Thumb Code   198  btod.o(CL$$btod_e2e)
    _btod_ediv                               0x08003667   Thumb Code    40  btod.o(CL$$btod_ediv)
    _btod_edivd                              0x0800368f   Thumb Code    40  btod.o(CL$$btod_edivd)
    _btod_emul                               0x080036b7   Thumb Code    40  btod.o(CL$$btod_emul)
    _btod_emuld                              0x080036df   Thumb Code    40  btod.o(CL$$btod_emuld)
    __btod_mult_common                       0x08003707   Thumb Code   580  btod.o(CL$$btod_mult_common)
    __ARM_fpclassify                         0x0800394b   Thumb Code    40  fpclassify.o(i.__ARM_fpclassify)
    __mathlib_dbl_underflow                  0x08003975   Thumb Code    10  dunder.o(i.__mathlib_dbl_underflow)
    __mathlib_narrow                         0x08003985   Thumb Code    16  narrow.o(i.__mathlib_narrow)
    __mathlib_tofloat                        0x08003995   Thumb Code   132  narrow.o(i.__mathlib_tofloat)
    __support_ldexp                          0x08003a1d   Thumb Code    22  ldexp.o(i.__support_ldexp)
    _is_digit                                0x08003a33   Thumb Code    14  __printf_wp.o(i._is_digit)
    atof                                     0x08003a41   Thumb Code    42  atof.o(i.atof)
    frexp                                    0x08003a6d   Thumb Code    80  frexp.o(i.frexp)
    ldexp                                    0x08003ac5   Thumb Code   126  ldexp.o(i.ldexp)
    _get_lc_numeric                          0x08003b45   Thumb Code    44  lc_numeric_c.o(locale$$code)
    _get_lc_ctype                            0x08003b71   Thumb Code    44  lc_ctype_c.o(locale$$code)
    __aeabi_d2f                              0x08003b9d   Thumb Code     0  d2f.o(x$fpl$d2f)
    _d2f                                     0x08003b9d   Thumb Code    98  d2f.o(x$fpl$d2f)
    __aeabi_dadd                             0x08003c01   Thumb Code     0  daddsub_clz.o(x$fpl$dadd)
    _dadd                                    0x08003c01   Thumb Code   332  daddsub_clz.o(x$fpl$dadd)
    __fpl_dcheck_NaN1                        0x08003d51   Thumb Code    10  dcheck1.o(x$fpl$dcheck1)
    __fpl_dcmp_Inf                           0x08003d61   Thumb Code    24  dcmpi.o(x$fpl$dcmpinf)
    __aeabi_ddiv                             0x08003d79   Thumb Code     0  ddiv.o(x$fpl$ddiv)
    _ddiv                                    0x08003d79   Thumb Code   552  ddiv.o(x$fpl$ddiv)
    __aeabi_cdcmpeq                          0x08004029   Thumb Code     0  deqf.o(x$fpl$deqf)
    _dcmpeq                                  0x08004029   Thumb Code   120  deqf.o(x$fpl$deqf)
    __aeabi_d2iz                             0x080040a1   Thumb Code     0  dfix.o(x$fpl$dfix)
    _dfix                                    0x080040a1   Thumb Code    94  dfix.o(x$fpl$dfix)
    __aeabi_ui2d                             0x080040ff   Thumb Code     0  dflt_clz.o(x$fpl$dfltu)
    _dfltu                                   0x080040ff   Thumb Code    38  dflt_clz.o(x$fpl$dfltu)
    __aeabi_cdcmple                          0x08004125   Thumb Code     0  dleqf.o(x$fpl$dleqf)
    _dcmple                                  0x08004125   Thumb Code   120  dleqf.o(x$fpl$dleqf)
    __fpl_dcmple_InfNaN                      0x08004187   Thumb Code     0  dleqf.o(x$fpl$dleqf)
    __aeabi_dmul                             0x0800419d   Thumb Code     0  dmul.o(x$fpl$dmul)
    _dmul                                    0x0800419d   Thumb Code   332  dmul.o(x$fpl$dmul)
    __fpl_dnaninf                            0x080042f1   Thumb Code   156  dnaninf.o(x$fpl$dnaninf)
    __fpl_dretinf                            0x0800438d   Thumb Code    12  dretinf.o(x$fpl$dretinf)
    __aeabi_cdrcmple                         0x08004399   Thumb Code     0  drleqf.o(x$fpl$drleqf)
    _drcmple                                 0x08004399   Thumb Code   108  drleqf.o(x$fpl$drleqf)
    __aeabi_dsub                             0x08004405   Thumb Code     0  daddsub_clz.o(x$fpl$dsub)
    _dsub                                    0x08004405   Thumb Code   464  daddsub_clz.o(x$fpl$dsub)
    __aeabi_f2d                              0x080045d9   Thumb Code     0  f2d.o(x$fpl$f2d)
    _f2d                                     0x080045d9   Thumb Code    86  f2d.o(x$fpl$f2d)
    __aeabi_fadd                             0x08004631   Thumb Code     0  faddsub_clz.o(x$fpl$fadd)
    _fadd                                    0x08004631   Thumb Code   196  faddsub_clz.o(x$fpl$fadd)
    __fpl_fcmp_Inf                           0x080046f5   Thumb Code    24  fcmpi.o(x$fpl$fcmpinf)
    __aeabi_fdiv                             0x0800470d   Thumb Code     0  fdiv.o(x$fpl$fdiv)
    _fdiv                                    0x0800470d   Thumb Code   384  fdiv.o(x$fpl$fdiv)
    __aeabi_cfcmpeq                          0x08004891   Thumb Code     0  feqf.o(x$fpl$feqf)
    _fcmpeq                                  0x08004891   Thumb Code   104  feqf.o(x$fpl$feqf)
    __aeabi_f2iz                             0x080048f9   Thumb Code     0  ffix.o(x$fpl$ffix)
    _ffix                                    0x080048f9   Thumb Code    54  ffix.o(x$fpl$ffix)
    __aeabi_f2uiz                            0x08004931   Thumb Code     0  ffixu.o(x$fpl$ffixu)
    _ffixu                                   0x08004931   Thumb Code    62  ffixu.o(x$fpl$ffixu)
    __aeabi_i2f                              0x08004971   Thumb Code     0  fflt_clz.o(x$fpl$fflt)
    _fflt                                    0x08004971   Thumb Code    48  fflt_clz.o(x$fpl$fflt)
    __aeabi_ui2f                             0x080049a1   Thumb Code     0  fflt_clz.o(x$fpl$ffltu)
    _ffltu                                   0x080049a1   Thumb Code    38  fflt_clz.o(x$fpl$ffltu)
    __aeabi_cfcmple                          0x080049c9   Thumb Code     0  fleqf.o(x$fpl$fleqf)
    _fcmple                                  0x080049c9   Thumb Code   104  fleqf.o(x$fpl$fleqf)
    __fpl_fcmple_InfNaN                      0x08004a1b   Thumb Code     0  fleqf.o(x$fpl$fleqf)
    __aeabi_fmul                             0x08004a31   Thumb Code     0  fmul.o(x$fpl$fmul)
    _fmul                                    0x08004a31   Thumb Code   258  fmul.o(x$fpl$fmul)
    __fpl_fnaninf                            0x08004b33   Thumb Code   140  fnaninf.o(x$fpl$fnaninf)
    __fpl_fretinf                            0x08004bbf   Thumb Code    10  fretinf.o(x$fpl$fretinf)
    __aeabi_frsub                            0x08004bc9   Thumb Code     0  faddsub_clz.o(x$fpl$frsb)
    _frsb                                    0x08004bc9   Thumb Code    20  faddsub_clz.o(x$fpl$frsb)
    __aeabi_fsub                             0x08004bdd   Thumb Code     0  faddsub_clz.o(x$fpl$fsub)
    _fsub                                    0x08004bdd   Thumb Code   234  faddsub_clz.o(x$fpl$fsub)
    _printf_fp_dec                           0x08004cc7   Thumb Code     4  printf1.o(x$fpl$printf1)
    __fpl_return_NaN                         0x08004ccb   Thumb Code   100  retnan.o(x$fpl$retnan)
    __ARM_scalbn                             0x08004d2f   Thumb Code    92  scalbn.o(x$fpl$scalbn)
    _scanf_real                              0x08004d8b   Thumb Code     4  scanf1.o(x$fpl$scanf1)
    _scanf_hex_real                          0x08004d8f   Thumb Code     4  scanf2.o(x$fpl$scanf2)
    _scanf_infnan                            0x08004d93   Thumb Code     4  scanf2.o(x$fpl$scanf2)
    __fpl_cmpreturn                          0x08004d97   Thumb Code    48  trapv.o(x$fpl$trapveneer)
    __I$use$fp                               0x08004dc6   Number         0  usenofp.o(x$fpl$usenofp)
    oled_asc2_1206                           0x08004dc6   Data        1140  oled.o(.constdata)
    oled_asc2_1608                           0x0800523a   Data        1520  oled.o(.constdata)
    Region$$Table$$Base                      0x080058c0   Number         0  anon$$obj.o(Region$$Table)
    Region$$Table$$Limit                     0x080058e0   Number         0  anon$$obj.o(Region$$Table)
    __aeabi_HUGE_VAL                         0x080058e0   Data           0  fpconst.o(c$$dinf)
    __aeabi_HUGE_VALL                        0x080058e0   Data           0  fpconst.o(c$$dinf)
    __aeabi_INFINITY                         0x080058e0   Data           0  fpconst.o(c$$dinf)
    __dInf                                   0x080058e0   Data           0  fpconst.o(c$$dinf)
    __huge_val                               0x080058e0   Data           0  fpconst.o(c$$dinf)
    __ctype                                  0x08005911   Data           0  lc_ctype_c.o(locale$$data)
    Flag_Stop                                0x20000000   Data           1  minibalance.o(.data)
    delay_50                                 0x20000001   Data           1  minibalance.o(.data)
    delay_flag                               0x20000002   Data           1  minibalance.o(.data)
    delay_times_2                            0x20000003   Data           1  minibalance.o(.data)
    Encoder                                  0x20000004   Data           4  minibalance.o(.data)
    Position_Zero                            0x20000008   Data           4  minibalance.o(.data)
    Moto                                     0x2000000c   Data           4  minibalance.o(.data)
    Voltage                                  0x20000010   Data           4  minibalance.o(.data)
    Angle_Balance                            0x20000014   Data           4  minibalance.o(.data)
    Balance_KP                               0x20000018   Data           4  minibalance.o(.data)
    Balance_KD                               0x2000001c   Data           4  minibalance.o(.data)
    Position_KP                              0x20000020   Data           4  minibalance.o(.data)
    Position_KD                              0x20000024   Data           4  minibalance.o(.data)
    Menu                                     0x20000028   Data           4  minibalance.o(.data)
    Amplitude1                               0x2000002c   Data           4  minibalance.o(.data)
    Amplitude2                               0x20000030   Data           4  minibalance.o(.data)
    Amplitude3                               0x20000034   Data           4  minibalance.o(.data)
    Amplitude4                               0x20000038   Data           4  minibalance.o(.data)
    time_counter                             0x2000003c   Data           4  minibalance.o(.data)
    _time                                    0x20000040   Data           4  minibalance.o(.data)
    time_                                    0x20000044   Data           4  minibalance.o(.data)
    action_in_waiting                        0x20000048   Data           4  minibalance.o(.data)
    action_last                              0x2000004c   Data           4  minibalance.o(.data)
    step_counter                             0x20000050   Data           4  minibalance.o(.data)
    t                                        0x20000058   Data           1  usart.o(.data)
    len                                      0x20000059   Data           1  usart.o(.data)
    times                                    0x2000005a   Data           2  usart.o(.data)
    __stdout                                 0x2000005c   Data           4  usart.o(.data)
    USART_RX_STA                             0x20000060   Data           2  usart.o(.data)
    Balance_Pwm                              0x20000070   Data           4  control.o(.data)
    Position_Pwm                             0x20000074   Data           4  control.o(.data)
    Flag_Target                              0x20000078   Data           1  control.o(.data)
    Position_Target                          0x20000079   Data           1  control.o(.data)
    observation                              0x200000a4   Data          24  minibalance.o(.bss)
    USART_RX_BUF                             0x200000bc   Data         200  usart.o(.bss)
    OLED_GRAM                                0x20000184   Data        1024  oled.o(.bss)
    __libspace_start                         0x20000584   Data          96  libspace.o(.bss)
    __temporary_stack_top$libspace           0x200005e4   Data           0  libspace.o(.bss)



==============================================================================

Memory Map of the image

  Image Entry point : 0x080000ed

  Load Region LR_IROM1 (Base: 0x08000000, Size: 0x00005ab8, Max: 0x00010000, ABSOLUTE)

    Execution Region ER_IROM1 (Base: 0x08000000, Size: 0x00005a14, Max: 0x00010000, ABSOLUTE)

    Base Addr    Size         Type   Attr      Idx    E Section Name        Object

    0x08000000   0x000000ec   Data   RO            3    RESET               startup_stm32f10x_md.o
    0x080000ec   0x00000008   Code   RO          357  * !!!main             c_w.l(__main.o)
    0x080000f4   0x00000034   Code   RO          726    !!!scatter          c_w.l(__scatter.o)
    0x08000128   0x0000001a   Code   RO          728    !!handler_copy      c_w.l(__scatter_copy.o)
    0x08000142   0x00000002   PAD
    0x08000144   0x0000001c   Code   RO          730    !!handler_zi        c_w.l(__scatter_zi.o)
    0x08000160   0x00000000   Code   RO          352    .ARM.Collect$$_printf_percent$$00000000  c_w.l(_printf_percent.o)
    0x08000160   0x00000006   Code   RO          351    .ARM.Collect$$_printf_percent$$00000003  c_w.l(_printf_f.o)
    0x08000166   0x00000006   Code   RO          350    .ARM.Collect$$_printf_percent$$00000009  c_w.l(_printf_d.o)
    0x0800016c   0x00000006   Code   RO          349    .ARM.Collect$$_printf_percent$$00000014  c_w.l(_printf_s.o)
    0x08000172   0x00000004   Code   RO          439    .ARM.Collect$$_printf_percent$$00000017  c_w.l(_printf_percent_end.o)
    0x08000176   0x00000002   Code   RO          550    .ARM.Collect$$libinit$$00000000  c_w.l(libinit.o)
    0x08000178   0x00000000   Code   RO          552    .ARM.Collect$$libinit$$00000002  c_w.l(libinit2.o)
    0x08000178   0x00000000   Code   RO          555    .ARM.Collect$$libinit$$00000008  c_w.l(libinit2.o)
    0x08000178   0x00000000   Code   RO          557    .ARM.Collect$$libinit$$0000000A  c_w.l(libinit2.o)
    0x08000178   0x00000000   Code   RO          559    .ARM.Collect$$libinit$$0000000C  c_w.l(libinit2.o)
    0x08000178   0x00000006   Code   RO          560    .ARM.Collect$$libinit$$0000000D  c_w.l(libinit2.o)
    0x0800017e   0x00000000   Code   RO          562    .ARM.Collect$$libinit$$0000000F  c_w.l(libinit2.o)
    0x0800017e   0x0000000c   Code   RO          563    .ARM.Collect$$libinit$$00000010  c_w.l(libinit2.o)
    0x0800018a   0x00000000   Code   RO          564    .ARM.Collect$$libinit$$00000011  c_w.l(libinit2.o)
    0x0800018a   0x00000000   Code   RO          566    .ARM.Collect$$libinit$$00000013  c_w.l(libinit2.o)
    0x0800018a   0x0000000a   Code   RO          567    .ARM.Collect$$libinit$$00000014  c_w.l(libinit2.o)
    0x08000194   0x00000000   Code   RO          568    .ARM.Collect$$libinit$$00000015  c_w.l(libinit2.o)
    0x08000194   0x00000000   Code   RO          570    .ARM.Collect$$libinit$$00000017  c_w.l(libinit2.o)
    0x08000194   0x00000000   Code   RO          572    .ARM.Collect$$libinit$$00000019  c_w.l(libinit2.o)
    0x08000194   0x00000000   Code   RO          574    .ARM.Collect$$libinit$$0000001B  c_w.l(libinit2.o)
    0x08000194   0x00000000   Code   RO          576    .ARM.Collect$$libinit$$0000001D  c_w.l(libinit2.o)
    0x08000194   0x00000000   Code   RO          578    .ARM.Collect$$libinit$$0000001F  c_w.l(libinit2.o)
    0x08000194   0x00000000   Code   RO          580    .ARM.Collect$$libinit$$00000021  c_w.l(libinit2.o)
    0x08000194   0x00000000   Code   RO          582    .ARM.Collect$$libinit$$00000023  c_w.l(libinit2.o)
    0x08000194   0x00000000   Code   RO          586    .ARM.Collect$$libinit$$0000002A  c_w.l(libinit2.o)
    0x08000194   0x00000000   Code   RO          588    .ARM.Collect$$libinit$$0000002C  c_w.l(libinit2.o)
    0x08000194   0x00000000   Code   RO          590    .ARM.Collect$$libinit$$0000002E  c_w.l(libinit2.o)
    0x08000194   0x00000000   Code   RO          592    .ARM.Collect$$libinit$$00000030  c_w.l(libinit2.o)
    0x08000194   0x00000002   Code   RO          593    .ARM.Collect$$libinit$$00000031  c_w.l(libinit2.o)
    0x08000196   0x00000002   Code   RO          650    .ARM.Collect$$libshutdown$$00000000  c_w.l(libshutdown.o)
    0x08000198   0x00000000   Code   RO          678    .ARM.Collect$$libshutdown$$00000003  c_w.l(libshutdown2.o)
    0x08000198   0x00000000   Code   RO          681    .ARM.Collect$$libshutdown$$00000006  c_w.l(libshutdown2.o)
    0x08000198   0x00000000   Code   RO          684    .ARM.Collect$$libshutdown$$00000009  c_w.l(libshutdown2.o)
    0x08000198   0x00000000   Code   RO          686    .ARM.Collect$$libshutdown$$0000000B  c_w.l(libshutdown2.o)
    0x08000198   0x00000000   Code   RO          689    .ARM.Collect$$libshutdown$$0000000E  c_w.l(libshutdown2.o)
    0x08000198   0x00000002   Code   RO          690    .ARM.Collect$$libshutdown$$0000000F  c_w.l(libshutdown2.o)
    0x0800019a   0x00000000   Code   RO          423    .ARM.Collect$$rtentry$$00000000  c_w.l(rtentry.o)
    0x0800019a   0x00000000   Code   RO          459    .ARM.Collect$$rtentry$$00000002  c_w.l(rtentry2.o)
    0x0800019a   0x00000006   Code   RO          471    .ARM.Collect$$rtentry$$00000004  c_w.l(rtentry4.o)
    0x080001a0   0x00000000   Code   RO          461    .ARM.Collect$$rtentry$$00000009  c_w.l(rtentry2.o)
    0x080001a0   0x00000004   Code   RO          462    .ARM.Collect$$rtentry$$0000000A  c_w.l(rtentry2.o)
    0x080001a4   0x00000000   Code   RO          464    .ARM.Collect$$rtentry$$0000000C  c_w.l(rtentry2.o)
    0x080001a4   0x00000008   Code   RO          465    .ARM.Collect$$rtentry$$0000000D  c_w.l(rtentry2.o)
    0x080001ac   0x00000002   Code   RO          594    .ARM.Collect$$rtexit$$00000000  c_w.l(rtexit.o)
    0x080001ae   0x00000000   Code   RO          616    .ARM.Collect$$rtexit$$00000002  c_w.l(rtexit2.o)
    0x080001ae   0x00000004   Code   RO          617    .ARM.Collect$$rtexit$$00000003  c_w.l(rtexit2.o)
    0x080001b2   0x00000006   Code   RO          618    .ARM.Collect$$rtexit$$00000004  c_w.l(rtexit2.o)
    0x080001b8   0x0000000c   Code   RO          116    .emb_text           sys.o
    0x080001c4   0x00000038   Code   RO            4    .text               startup_stm32f10x_md.o
    0x080001fc   0x0000006c   Code   RO           10    .text               minibalance.o
    0x08000268   0x000000b0   Code   RO           98    .text               delay.o
    0x08000318   0x000002bc   Code   RO          117    .text               sys.o
    0x080005d4   0x00000334   Code   RO          132    .text               usart.o
    0x08000908   0x00000074   Code   RO          155    .text               led.o
    0x0800097c   0x00000150   Code   RO          168    .text               key.o
    0x08000acc   0x00000442   Code   RO          181    .text               oled.o
    0x08000f0e   0x00000002   PAD
    0x08000f10   0x0000032c   Code   RO          200    .text               adc.o
    0x0800123c   0x0000005c   Code   RO          212    .text               timer.o
    0x08001298   0x000000d0   Code   RO          224    .text               motor.o
    0x08001368   0x00000228   Code   RO          236    .text               encoder.o
    0x08001590   0x0000023c   Code   RO          248    .text               exti.o
    0x080017cc   0x000003d0   Code   RO          263    .text               control.o
    0x08001b9c   0x00000002   Code   RO          317    .text               c_w.l(use_no_semi_2.o)
    0x08001b9e   0x00000002   PAD
    0x08001ba0   0x00000018   Code   RO          321    .text               c_w.l(noretval__2printf.o)
    0x08001bb8   0x00000052   Code   RO          325    .text               c_w.l(_printf_str.o)
    0x08001c0a   0x00000002   PAD
    0x08001c0c   0x00000074   Code   RO          327    .text               c_w.l(_printf_dec.o)
    0x08001c80   0x0000010e   Code   RO          337    .text               c_w.l(__printf_wp.o)
    0x08001d8e   0x0000001a   Code   RO          353    .text               c_w.l(atoi.o)
    0x08001da8   0x00000006   Code   RO          355    .text               c_w.l(heapauxi.o)
    0x08001dae   0x00000002   Code   RO          421    .text               c_w.l(use_no_semi.o)
    0x08001db0   0x00000008   Code   RO          427    .text               c_w.l(rt_errno_addr_intlibspace.o)
    0x08001db8   0x00000016   Code   RO          429    .text               c_w.l(_rserrno.o)
    0x08001dce   0x000000b2   Code   RO          431    .text               c_w.l(_printf_intcommon.o)
    0x08001e80   0x00000416   Code   RO          433    .text               c_w.l(_printf_fp_dec.o)
    0x08002296   0x0000002c   Code   RO          435    .text               c_w.l(_printf_char.o)
    0x080022c2   0x00000002   PAD
    0x080022c4   0x00000024   Code   RO          437    .text               c_w.l(_printf_char_file.o)
    0x080022e8   0x000000a0   Code   RO          440    .text               c_w.l(strtod.o)
    0x08002388   0x00000070   Code   RO          442    .text               c_w.l(strtol.o)
    0x080023f8   0x00000008   Code   RO          455    .text               c_w.l(libspace.o)
    0x08002400   0x00000010   Code   RO          473    .text               c_w.l(rt_ctype_table.o)
    0x08002410   0x00000008   Code   RO          478    .text               c_w.l(rt_locale_intlibspace.o)
    0x08002418   0x0000008a   Code   RO          480    .text               c_w.l(lludiv10.o)
    0x080024a2   0x00000012   Code   RO          482    .text               c_w.l(isspace.o)
    0x080024b4   0x00000030   Code   RO          484    .text               c_w.l(_printf_char_common.o)
    0x080024e4   0x00000080   Code   RO          486    .text               c_w.l(_printf_fp_infnan.o)
    0x08002564   0x00000040   Code   RO          488    .text               c_w.l(_sgetc.o)
    0x080025a4   0x0000009e   Code   RO          490    .text               c_w.l(_strtoul.o)
    0x08002642   0x00000002   PAD
    0x08002644   0x000000d8   Code   RO          492    .text               c_w.l(bigflt0.o)
    0x0800271c   0x00000008   Code   RO          517    .text               c_w.l(ferror.o)
    0x08002724   0x0000004a   Code   RO          530    .text               c_w.l(sys_stackheap_outer.o)
    0x0800276e   0x0000001c   Code   RO          534    .text               c_w.l(_chval.o)
    0x0800278a   0x00000002   PAD
    0x0800278c   0x000004a4   Code   RO          536    .text               c_w.l(scanf_fp.o)
    0x08002c30   0x0000000c   Code   RO          541    .text               c_w.l(exit.o)
    0x08002c3c   0x00000080   Code   RO          543    .text               c_w.l(strcmpv7m.o)
    0x08002cbc   0x00000318   Code   RO          622    .text               c_w.l(scanf_hexfp.o)
    0x08002fd4   0x00000134   Code   RO          624    .text               c_w.l(scanf_infnan.o)
    0x08003108   0x00000026   Code   RO          642    .text               c_w.l(llshl.o)
    0x0800312e   0x0000003e   Code   RO          495    CL$$btod_d2e        c_w.l(btod.o)
    0x0800316c   0x00000046   Code   RO          497    CL$$btod_d2e_denorm_low  c_w.l(btod.o)
    0x080031b2   0x00000060   Code   RO          496    CL$$btod_d2e_norm_op1  c_w.l(btod.o)
    0x08003212   0x00000338   Code   RO          505    CL$$btod_div_common  c_w.l(btod.o)
    0x0800354a   0x00000002   PAD
    0x0800354c   0x00000054   Code   RO          503    CL$$btod_e2d        c_w.l(btod.o)
    0x080035a0   0x000000c6   Code   RO          502    CL$$btod_e2e        c_w.l(btod.o)
    0x08003666   0x00000028   Code   RO          499    CL$$btod_ediv       c_w.l(btod.o)
    0x0800368e   0x00000028   Code   RO          501    CL$$btod_edivd      c_w.l(btod.o)
    0x080036b6   0x00000028   Code   RO          498    CL$$btod_emul       c_w.l(btod.o)
    0x080036de   0x00000028   Code   RO          500    CL$$btod_emuld      c_w.l(btod.o)
    0x08003706   0x00000244   Code   RO          504    CL$$btod_mult_common  c_w.l(btod.o)
    0x0800394a   0x00000028   Code   RO          528    i.__ARM_fpclassify  m_ws.l(fpclassify.o)
    0x08003972   0x00000002   PAD
    0x08003974   0x00000010   Code   RO          693    i.__mathlib_dbl_underflow  m_ws.l(dunder.o)
    0x08003984   0x00000010   Code   RO          609    i.__mathlib_narrow  m_ws.l(narrow.o)
    0x08003994   0x00000088   Code   RO          610    i.__mathlib_tofloat  m_ws.l(narrow.o)
    0x08003a1c   0x00000016   Code   RO          658    i.__support_ldexp   m_ws.l(ldexp.o)
    0x08003a32   0x0000000e   Code   RO          339    i._is_digit         c_w.l(__printf_wp.o)
    0x08003a40   0x0000002a   Code   RO          418    i.atof              m_ws.l(atof.o)
    0x08003a6a   0x00000002   PAD
    0x08003a6c   0x00000058   Code   RO          635    i.frexp             m_ws.l(frexp.o)
    0x08003ac4   0x0000007e   Code   RO          659    i.ldexp             m_ws.l(ldexp.o)
    0x08003b42   0x00000002   PAD
    0x08003b44   0x0000002c   Code   RO          522    locale$$code        c_w.l(lc_numeric_c.o)
    0x08003b70   0x0000002c   Code   RO          539    locale$$code        c_w.l(lc_ctype_c.o)
    0x08003b9c   0x00000062   Code   RO          359    x$fpl$d2f           fz_ws.l(d2f.o)
    0x08003bfe   0x00000002   PAD
    0x08003c00   0x00000150   Code   RO          361    x$fpl$dadd          fz_ws.l(daddsub_clz.o)
    0x08003d50   0x00000010   Code   RO          691    x$fpl$dcheck1       fz_ws.l(dcheck1.o)
    0x08003d60   0x00000018   Code   RO          651    x$fpl$dcmpinf       fz_ws.l(dcmpi.o)
    0x08003d78   0x000002b0   Code   RO          368    x$fpl$ddiv          fz_ws.l(ddiv.o)
    0x08004028   0x00000078   Code   RO          630    x$fpl$deqf          fz_ws.l(deqf.o)
    0x080040a0   0x0000005e   Code   RO          371    x$fpl$dfix          fz_ws.l(dfix.o)
    0x080040fe   0x00000026   Code   RO          375    x$fpl$dfltu         fz_ws.l(dflt_clz.o)
    0x08004124   0x00000078   Code   RO          653    x$fpl$dleqf         fz_ws.l(dleqf.o)
    0x0800419c   0x00000154   Code   RO          381    x$fpl$dmul          fz_ws.l(dmul.o)
    0x080042f0   0x0000009c   Code   RO          444    x$fpl$dnaninf       fz_ws.l(dnaninf.o)
    0x0800438c   0x0000000c   Code   RO          446    x$fpl$dretinf       fz_ws.l(dretinf.o)
    0x08004398   0x0000006c   Code   RO          632    x$fpl$drleqf        fz_ws.l(drleqf.o)
    0x08004404   0x000001d4   Code   RO          363    x$fpl$dsub          fz_ws.l(daddsub_clz.o)
    0x080045d8   0x00000056   Code   RO          383    x$fpl$f2d           fz_ws.l(f2d.o)
    0x0800462e   0x00000002   PAD
    0x08004630   0x000000c4   Code   RO          385    x$fpl$fadd          fz_ws.l(faddsub_clz.o)
    0x080046f4   0x00000018   Code   RO          448    x$fpl$fcmpinf       fz_ws.l(fcmpi.o)
    0x0800470c   0x00000184   Code   RO          392    x$fpl$fdiv          fz_ws.l(fdiv.o)
    0x08004890   0x00000068   Code   RO          395    x$fpl$feqf          fz_ws.l(feqf.o)
    0x080048f8   0x00000036   Code   RO          397    x$fpl$ffix          fz_ws.l(ffix.o)
    0x0800492e   0x00000002   PAD
    0x08004930   0x0000003e   Code   RO          401    x$fpl$ffixu         fz_ws.l(ffixu.o)
    0x0800496e   0x00000002   PAD
    0x08004970   0x00000030   Code   RO          406    x$fpl$fflt          fz_ws.l(fflt_clz.o)
    0x080049a0   0x00000026   Code   RO          405    x$fpl$ffltu         fz_ws.l(fflt_clz.o)
    0x080049c6   0x00000002   PAD
    0x080049c8   0x00000068   Code   RO          411    x$fpl$fleqf         fz_ws.l(fleqf.o)
    0x08004a30   0x00000102   Code   RO          413    x$fpl$fmul          fz_ws.l(fmul.o)
    0x08004b32   0x0000008c   Code   RO          450    x$fpl$fnaninf       fz_ws.l(fnaninf.o)
    0x08004bbe   0x0000000a   Code   RO          452    x$fpl$fretinf       fz_ws.l(fretinf.o)
    0x08004bc8   0x00000014   Code   RO          386    x$fpl$frsb          fz_ws.l(faddsub_clz.o)
    0x08004bdc   0x000000ea   Code   RO          387    x$fpl$fsub          fz_ws.l(faddsub_clz.o)
    0x08004cc6   0x00000004   Code   RO          415    x$fpl$printf1       fz_ws.l(printf1.o)
    0x08004cca   0x00000064   Code   RO          700    x$fpl$retnan        fz_ws.l(retnan.o)
    0x08004d2e   0x0000005c   Code   RO          655    x$fpl$scalbn        fz_ws.l(scalbn.o)
    0x08004d8a   0x00000004   Code   RO          526    x$fpl$scanf1        fz_ws.l(scanf1.o)
    0x08004d8e   0x00000008   Code   RO          603    x$fpl$scanf2        fz_ws.l(scanf2.o)
    0x08004d96   0x00000030   Code   RO          706    x$fpl$trapveneer    fz_ws.l(trapv.o)
    0x08004dc6   0x00000000   Code   RO          454    x$fpl$usenofp       fz_ws.l(usenofp.o)
    0x08004dc6   0x00000a64   Data   RO          183    .constdata          oled.o
    0x0800582a   0x00000002   PAD
    0x0800582c   0x00000094   Data   RO          493    .constdata          c_w.l(bigflt0.o)
    0x080058c0   0x00000020   Data   RO          724    Region$$Table       anon$$obj.o
    0x080058e0   0x00000008   Data   RO          598    c$$dinf             fz_ws.l(fpconst.o)
    0x080058e8   0x0000001c   Data   RO          521    locale$$data        c_w.l(lc_numeric_c.o)
    0x08005904   0x00000110   Data   RO          538    locale$$data        c_w.l(lc_ctype_c.o)


    Execution Region RW_IRAM1 (Base: 0x20000000, Size: 0x00000be8, Max: 0x00005000, ABSOLUTE)

    Base Addr    Size         Type   Attr      Idx    E Section Name        Object

    0x20000000   0x00000054   Data   RW           12    .data               minibalance.o
    0x20000054   0x00000004   Data   RW           99    .data               delay.o
    0x20000058   0x0000000a   Data   RW          134    .data               usart.o
    0x20000062   0x00000002   PAD
    0x20000064   0x00000004   Data   RW          156    .data               led.o
    0x20000068   0x00000008   Data   RW          169    .data               key.o
    0x20000070   0x00000034   Data   RW          264    .data               control.o
    0x200000a4   0x00000018   Zero   RW           11    .bss                minibalance.o
    0x200000bc   0x000000c8   Zero   RW          133    .bss                usart.o
    0x20000184   0x00000400   Zero   RW          182    .bss                oled.o
    0x20000584   0x00000060   Zero   RW          456    .bss                c_w.l(libspace.o)
    0x200005e4   0x00000004   PAD
    0x200005e8   0x00000200   Zero   RW            2    HEAP                startup_stm32f10x_md.o
    0x200007e8   0x00000400   Zero   RW            1    STACK               startup_stm32f10x_md.o


==============================================================================

Image component sizes


      Code (inc. data)   RO Data    RW Data    ZI Data      Debug   Object Name

       812         36          0          0          0       1515   adc.o
       976        146          0         52          0       2766   control.o
       176          8          0          4          0        987   delay.o
       552         20          0          0          0       1247   encoder.o
       572         52          0          0          0        916   exti.o
       336         42          0          8          0        922   key.o
       116         20          0          4          0        625   led.o
       108          4          0         84         24     208301   minibalance.o
       208         18          0          0          0        746   motor.o
      1090         46       2660          0       1024       4311   oled.o
        56         22        236          0       1536        792   startup_stm32f10x_md.o
       712         44          0          0          0       2711   sys.o
        92         10          0          0          0        534   timer.o
       820        112          0         10        200       3938   usart.o

    ----------------------------------------------------------------------
      6628        580       2930        164       2784     230311   Object Totals
         0          0         32          0          0          0   (incl. Generated)
         2          0          2          2          0          0   (incl. Padding)

    ----------------------------------------------------------------------

      Code (inc. data)   RO Data    RW Data    ZI Data      Debug   Library Member Name

         8          0          0          0          0         68   __main.o
       284          0          0          0          0        156   __printf_wp.o
        52          8          0          0          0          0   __scatter.o
        26          0          0          0          0          0   __scatter_copy.o
        28          0          0          0          0          0   __scatter_zi.o
        28          0          0          0          0         68   _chval.o
        44          0          0          0          0        108   _printf_char.o
        48          6          0          0          0         96   _printf_char_common.o
        36          4          0          0          0         80   _printf_char_file.o
         6          0          0          0          0          0   _printf_d.o
       116         16          0          0          0         92   _printf_dec.o
         6          0          0          0          0          0   _printf_f.o
      1046          0          0          0          0        216   _printf_fp_dec.o
       128         16          0          0          0         84   _printf_fp_infnan.o
       178          0          0          0          0         88   _printf_intcommon.o
         0          0          0          0          0          0   _printf_percent.o
         4          0          0          0          0          0   _printf_percent_end.o
         6          0          0          0          0          0   _printf_s.o
        82          0          0          0          0         80   _printf_str.o
        22          0          0          0          0        100   _rserrno.o
        64          0          0          0          0         84   _sgetc.o
       158          0          0          0          0         92   _strtoul.o
        26          0          0          0          0         80   atoi.o
       216          4        148          0          0         96   bigflt0.o
      2074        132          0          0          0        940   btod.o
        12          0          0          0          0         72   exit.o
         8          0          0          0          0         68   ferror.o
         6          0          0          0          0        152   heapauxi.o
        18          0          0          0          0         76   isspace.o
        44         10        272          0          0         76   lc_ctype_c.o
        44         10         28          0          0         76   lc_numeric_c.o
         2          0          0          0          0          0   libinit.o
        30          0          0          0          0          0   libinit2.o
         2          0          0          0          0          0   libshutdown.o
         2          0          0          0          0          0   libshutdown2.o
         8          4          0          0         96         68   libspace.o
        38          0          0          0          0         68   llshl.o
       138          0          0          0          0         80   lludiv10.o
        24          4          0          0          0         84   noretval__2printf.o
        16          4          0          0          0         76   rt_ctype_table.o
         8          4          0          0          0         68   rt_errno_addr_intlibspace.o
         8          4          0          0          0         68   rt_locale_intlibspace.o
         0          0          0          0          0          0   rtentry.o
        12          0          0          0          0          0   rtentry2.o
         6          0          0          0          0          0   rtentry4.o
         2          0          0          0          0          0   rtexit.o
        10          0          0          0          0          0   rtexit2.o
      1188         12          0          0          0        148   scanf_fp.o
       792         14          0          0          0        100   scanf_hexfp.o
       308         16          0          0          0        100   scanf_infnan.o
       128          0          0          0          0         68   strcmpv7m.o
       160         12          0          0          0        120   strtod.o
       112          0          0          0          0         88   strtol.o
        74          0          0          0          0         80   sys_stackheap_outer.o
         2          0          0          0          0         68   use_no_semi.o
         2          0          0          0          0         68   use_no_semi_2.o
        98          4          0          0          0         92   d2f.o
       804         16          0          0          0        272   daddsub_clz.o
        16          4          0          0          0         68   dcheck1.o
        24          0          0          0          0         68   dcmpi.o
       688        140          0          0          0        208   ddiv.o
       120          4          0          0          0         92   deqf.o
        94          4          0          0          0         92   dfix.o
        38          0          0          0          0         68   dflt_clz.o
       120          4          0          0          0         92   dleqf.o
       340         12          0          0          0        104   dmul.o
       156          4          0          0          0         92   dnaninf.o
        12          0          0          0          0         68   dretinf.o
       108          0          0          0          0         80   drleqf.o
        86          4          0          0          0         84   f2d.o
       450          8          0          0          0        236   faddsub_clz.o
        24          0          0          0          0         68   fcmpi.o
       388         76          0          0          0         96   fdiv.o
       104          4          0          0          0         84   feqf.o
        54          4          0          0          0         84   ffix.o
        62          4          0          0          0         84   ffixu.o
        86          0          0          0          0        136   fflt_clz.o
       104          4          0          0          0         84   fleqf.o
       258          4          0          0          0         84   fmul.o
       140          4          0          0          0         84   fnaninf.o
         0          0          8          0          0          0   fpconst.o
        10          0          0          0          0         68   fretinf.o
         4          0          0          0          0         68   printf1.o
       100          0          0          0          0         68   retnan.o
        92          0          0          0          0         68   scalbn.o
         4          0          0          0          0         68   scanf1.o
         8          0          0          0          0         84   scanf2.o
        48          0          0          0          0         68   trapv.o
         0          0          0          0          0          0   usenofp.o
        42          0          0          0          0         84   atof.o
        16          6          0          0          0         68   dunder.o
        40          0          0          0          0         68   fpclassify.o
        88          8          0          0          0         76   frexp.o
       148          0          0          0          0        160   ldexp.o
       152          4          0          0          0        160   narrow.o

    ----------------------------------------------------------------------
     13046        604        456          0        100       8028   Library Totals
        30          2          0          0          4          0   (incl. Padding)

    ----------------------------------------------------------------------

      Code (inc. data)   RO Data    RW Data    ZI Data      Debug   Library Name

      7890        280        448          0         96       4400   c_w.l
      4640        304          8          0          0       3012   fz_ws.l
       486         18          0          0          0        616   m_ws.l

    ----------------------------------------------------------------------
     13046        604        456          0        100       8028   Library Totals

    ----------------------------------------------------------------------

==============================================================================


      Code (inc. data)   RO Data    RW Data    ZI Data      Debug   

     19674       1184       3386        164       2884     232563   Grand Totals
     19674       1184       3386        164       2884     232563   ELF Image Totals
     19674       1184       3386        164          0          0   ROM Totals

==============================================================================

    Total RO  Size (Code + RO Data)                23060 (  22.52kB)
    Total RW  Size (RW Data + ZI Data)              3048 (   2.98kB)
    Total ROM Size (Code + RO Data + RW Data)      23224 (  22.68kB)

==============================================================================

